// Vitest Snapshot v1, https://vitest.dev/guide/snapshot.html

exports[`OtherApps > matches snapshot 1`] = `
"<div data-v-e28c1cb5="" class="container">
  <div data-v-e28c1cb5="" class="flows-iframe"><img data-v-e28c1cb5="" class="logo" src="/src/assets/svgs/LogoWeniAnimada4.svg" alt=""></div><iframe data-v-e28c1cb5="" class="flows-iframe" src="undefined/weni/null/authenticate?access_token=undefined&amp;next=/org/home/?flows_config_hide=configs" allow="clipboard-read; clipboard-write;" title="" style="border: 0px; display: none;"></iframe>
</div>"
`;
