// Vitest Snapshot v1, https://vitest.dev/guide/snapshot.html

exports[`TemplateDetails > matches snapshot 1`] = `
"<div class="wpp_template_details">
  <!-- Header -->
  <div class="wpp_template_details__header">
    <div class="wpp_template_details__header__title">
      <div class="wpp_template_details__header__title__text"></div>
      <div class="wpp_template_details__header__about__title__tag">
        <unnnic-tag scheme="neutral-dark"></unnnic-tag>
      </div>
    </div>
    <div class="wpp_template_details__header__button">
      <unnnic-button text="Edit Model" type="secondary"></unnnic-button>
    </div>
  </div><!-- Tabs -->
  <div class="wpp_template_details__tabs">
    <unnnic-tab initialtab="first" tabs="first"></unnnic-tab>
  </div>
</div>"
`;
